--------------------------------------------------------------------------------------------------------------------------------------------------------------------------------------------------------
      name:  <unnamed>
       log:  C:/Users/Benedikt/PycharmProjects/terror_and_fdi/output/logs/pvar_q_02_attacks_total_fdi_in_pct_qgdp_core_min28.log
  log type:  text
 opened on:  19 Aug 2026, 12:27:46

. 
. 
. *==============================================================================*
. * 2. LOAD AND REBUILD THE SAMPLE
. *==============================================================================*
. use "$DATA/pvar_q_work.dta", clear

. xtset id t

Panel variable: id (strongly balanced)
 Time variable: t, 1994q1 to 2020q4
         Delta: 1 quarter

. 
. * Rebuild insample so that MINOBS can be changed without rerunning part 1.
. cap drop insample n_insample

. gen byte insample = s_$SAMPLE

. bysort id: egen int n_insample = total(insample)

. qui replace insample = 0 if n_insample < $MINOBS

. 
. qui count if insample

. local nobs = r(N)

. qui levelsof id if insample, local(ids)

. local ncty = wordcount("`ids'")

. di as txt _n "Estimation sample (${SAMPLE}, min $MINOBS quarters): " ///
>     %7.0fc `nobs' " obs, `ncty' countries"

Estimation sample (core, min 28 quarters):  10,314 obs, 119 countries

. 
. * Variables that enter the system, in Cholesky order for part 3:
. * terror first, FDI second.
. local SYS "x_terr y_fdi"

. 
. * Seasonal dummies for the no-td specification. q_1 is the reference category.
. * Under td the cross-sectional mean is removed at every t, which already
. * absorbs all common seasonal variation, so the dummies are dropped there.
. local SEAS "q_2 q_3 q_4"

. 
. 
. *==============================================================================*
. * 3. LAG ORDER SELECTION
. *==============================================================================*
. * pvarsoc reports the Andrews-Lu moment and model selection criteria
. * (MMSC-BIC, MMSC-AIC, MMSC-HQIC) together with Hansen's J. The criteria trade
. * off fit against the number of moment conditions, which is why they are
. * preferred to plain AIC/BIC in a GMM setting.
. *
. * The comparison is only valid on a common sample, so the criteria are
. * computed on the observations available at MAXLAG.
. 
. di as txt _n "{hline 78}"

------------------------------------------------------------------------------

. di as txt "Lag order selection (pvarsoc, maxlag $MAXLAG)"
Lag order selection (pvarsoc, maxlag 6)

. di as txt "{hline 78}"
------------------------------------------------------------------------------

. 
. local instmax = $MAXLAG + $INSTEXTRA

. 
. cap noisily pvarsoc `SYS' if insample, maxlag($MAXLAG) ///
>     pvaropts(instlags(1/`instmax'))
Running panel VAR lag order selection on estimation sample
......

 Selection order criteria
 Sample:  144 - 242                                No. of obs      =      9219
                                                   No. of panels   =       119
                                                   Ave. no. of T   =    77.471

  +--------------------------------------------------------------------------+
  |   lag |    CD          J      J pvalue     MBIC       MAIC       MQIC    |
  |-------+------------------------------------------------------------------|
  |     1 |   .859923   443.6181   2.51e-76   188.0055   387.6181   319.7764 |
  |     2 |  .8819758   337.8733   3.67e-57   118.7768   289.8733   231.7233 |
  |     3 |  .8919632   225.1466   1.12e-36   42.56613   185.1466   136.6882 |
  |     4 |  .8997275   81.10439   1.05e-10  -64.95996   49.10439   10.33771 |
  |     5 |  .9011957    67.2824   1.03e-09  -42.26587    43.2824   14.20739 |
  |     6 |  .8981437   50.44413   3.36e-08  -22.58804   34.44413    15.0608 |
  +--------------------------------------------------------------------------+

. if _rc {
.     di as error "pvarsoc with maxlag() failed (rc = " _rc "); trying maxlags()."
.     cap noisily pvarsoc `SYS' if insample, maxlags($MAXLAG) ///
>         pvaropts(instlags(1/`instmax'))
. }

. if _rc {
.     di as error "pvarsoc failed. The manual screen in section 4 still runs and"
.     di as error "provides the information needed to choose a lag order."
. }

. 
. 
. *==============================================================================*
. * 4. MANUAL SCREEN OVER LAG ORDERS
. *==============================================================================*
. * pvarsoc reports fit criteria but not stability. Both gatekeepers matter, so
. * every lag order is estimated and the eigenvalue modulus, Hansen's J, the
. * implied instrument count and the sample size are collected side by side.
. *
. * Reading guide:
. *   max modulus  < 1 required; anything above about 0.95 means the system is
. *                near-integrated and the impulse responses will be imprecise.
. *   Hansen J p   a value in roughly 0.10-0.25 is healthy. A p-value near 1.00
. *                signals instrument proliferation, not a well-specified model.
. *   instruments  should stay far below the number of countries.
. 
. capture postclose lagsel

. postfile lagsel int(lags instlag_max) str4 tdopt ///
>     double(nobs ncty jstat jdf jp maxmod nparam ninst) ///
>     using "$TABLES/lagsel_${TAG}.dta", replace
(file C:/Users/Benedikt/PycharmProjects/terror_and_fdi/output/tables/lagsel_attacks_total_fdi_in_pct_qgdp_core_min28.dta not found)

. 
. foreach td in "" "td" {
  2. 
.     local tdlab = cond("`td'" == "", "notd", "td")
  3.     local xopt  = cond("`td'" == "", "exog(`SEAS')", "")
  4. 
.     di as txt _n "{hline 78}"
  5.     di as txt "Lag screen, time demeaning: `tdlab'"
  6.     di as txt "{hline 78}"
  7. 
.     forvalues p = 1/$MAXLAG {
  8. 
.         local k = `p' + $INSTEXTRA
  9. 
.         local jstat  = .
 10.         local jdf    = .
 11.         local jp     = .
 12.         local maxmod = .
 13.         local nobs_p = .
 14.         local ncty_p = .
 15. 
.         cap noisily pvar `SYS' if insample, lags(`p') instlags(1/`k') ///
>             `xopt' `td'
 16. 
.         if _rc {
 17.             di as error "  lags(`p'), `tdlab': pvar failed (rc = " _rc ")"
 18.         }
 19.         else {
 20.             local nobs_p = e(N)
 21.             local ncty_p = e(N_g)
 22.             foreach nm in J j {
 23.                 if missing(`jstat') local jstat = e(`nm')
 24.             }
 25.             foreach nm in J_df j_df Jdf {
 26.                 if missing(`jdf') local jdf = e(`nm')
 27.             }
 28.             foreach nm in J_pvalue jp J_p {
 29.                 if missing(`jp') local jp = e(`nm')
 30.             }
 31. 
.             * Eigenvalue stability.
.             cap noisily pvarstable
 32.             if !_rc {
 33.                 tempname MOD
 34.                 cap matrix `MOD' = r(Modulus)
 35.                 if _rc cap matrix `MOD' = r(modulus)
 36.                 if !_rc {
 37.                     local maxmod = 0
 38.                     forvalues rr = 1/`=rowsof(`MOD')' {
 39.                         forvalues cc = 1/`=colsof(`MOD')' {
 40.                             if `MOD'[`rr', `cc'] > `maxmod' & ///
>                                !missing(`MOD'[`rr', `cc']) {
 41.                                 local maxmod = `MOD'[`rr', `cc']
 42.                             }
 43.                         }
 44.                     }
 45.                 }
 46.             }
 47.         }
 48. 
.         * Parameters and instruments per equation under IV-style instruments.
.         local nvar   = wordcount("`SYS'")
 49.         local nparam = `nvar' * `p' + cond("`td'" == "", wordcount("`SEAS'"), 0)
 50.         local ninst  = `nvar' * `k' + cond("`td'" == "", wordcount("`SEAS'"), 0)
 51. 
.         di as txt "  lags(`p') instlags(1/`k') `tdlab': " ///
>             "obs = " %7.0fc `nobs_p' ///
>             ", maxmod = " %5.3f `maxmod' ///
>             ", J p = " %5.3f `jp' ///
>             ", inst/eq = " `ninst'
 52. 
.         post lagsel (`p') (`k') ("`tdlab'") (`nobs_p') (`ncty_p') ///
>             (`jstat') (`jdf') (`jp') (`maxmod') (`nparam') (`ninst')
 53.     }
 54. }

------------------------------------------------------------------------------
Lag screen, time demeaning: notd
------------------------------------------------------------------------------

Panel vector autoregresssion



GMM Estimation

Final GMM Criterion Q(b) =     .0372
Initial weight matrix: Identity
GMM weight matrix:     Robust
                                                   No. of obs      =      9826
                                                   No. of panels   =       119
                                                   Ave. no. of T   =    82.571


------------------------------------------------------------------------------
             | Coefficient  Std. err.      z    P>|z|     [95% conf. interval]
-------------+----------------------------------------------------------------
x_terr       |
      x_terr |
         L1. |   .2392322   .0225137    10.63   0.000     .1951063    .2833582
             |
       y_fdi |
         L1. |  -.0844696   .0077847   -10.85   0.000    -.0997273    -.069212
             |
         q_2 |  -.1758984   .0253257    -6.95   0.000    -.2255359    -.126261
         q_3 |    -.19494   .0259344    -7.52   0.000    -.2457706   -.1441095
         q_4 |  -.2059929    .025079    -8.21   0.000    -.2551468   -.1568391
-------------+----------------------------------------------------------------
y_fdi        |
      x_terr |
         L1. |  -.0925057   .0228958    -4.04   0.000    -.1373807   -.0476308
             |
       y_fdi |
         L1. |   .4044107    .018662    21.67   0.000     .3678339    .4409874
             |
         q_2 |  -.1215172   .0430327    -2.82   0.005    -.2058597   -.0371748
         q_3 |  -.0619874   .0414276    -1.50   0.135    -.1431841    .0192092
         q_4 |  -.0784281    .044599    -1.76   0.079    -.1658404    .0089843
------------------------------------------------------------------------------
Instruments : l(1/3).(x_terr y_fdi) q_2 q_3 q_4

   Eigenvalue stability condition

  +----------------------------------+
  |      Eigenvalue      |           |
  |   Real     Imaginary |  Modulus  |
  |----------------------+-----------|
  |  .4427962          0 |  .4427962 |
  |  .2008467          0 |  .2008467 |
  +----------------------------------+

   All the eigenvalues lie inside the unit circle.
   pVAR satisfies stability condition.
  lags(1) instlags(1/3) notd: obs =   9,826, maxmod = 0.443, J p =     ., inst/eq = 9

Panel vector autoregresssion



GMM Estimation

Final GMM Criterion Q(b) =     .0303
Initial weight matrix: Identity
GMM weight matrix:     Robust
                                                   No. of obs      =      9703
                                                   No. of panels   =       119
                                                   Ave. no. of T   =    81.538


------------------------------------------------------------------------------
             | Coefficient  Std. err.      z    P>|z|     [95% conf. interval]
-------------+----------------------------------------------------------------
x_terr       |
      x_terr |
         L1. |   .2448428   .0223417    10.96   0.000      .201054    .2886317
         L2. |   .1289056   .0202285     6.37   0.000     .0892585    .1685527
             |
       y_fdi |
         L1. |  -.0571812   .0078384    -7.29   0.000    -.0725442   -.0418181
         L2. |  -.0364418    .007293    -5.00   0.000    -.0507358   -.0221477
             |
         q_2 |  -.1211519   .0262651    -4.61   0.000    -.1726305   -.0696732
         q_3 |  -.1467989   .0272567    -5.39   0.000    -.2002211   -.0933766
         q_4 |  -.1742133   .0268051    -6.50   0.000    -.2267503   -.1216763
-------------+----------------------------------------------------------------
y_fdi        |
      x_terr |
         L1. |  -.0756628   .0222499    -3.40   0.001    -.1192718   -.0320538
         L2. |  -.0503544   .0211191    -2.38   0.017    -.0917471   -.0089616
             |
       y_fdi |
         L1. |    .288394   .0183535    15.71   0.000     .2524218    .3243662
         L2. |   .2607028   .0184397    14.14   0.000     .2245616    .2968439
             |
         q_2 |  -.1255567   .0436499    -2.88   0.004    -.2111089   -.0400045
         q_3 |   -.052973   .0414238    -1.28   0.201    -.1341622    .0282162
         q_4 |  -.0350987   .0452692    -0.78   0.438    -.1238247    .0536273
------------------------------------------------------------------------------
Instruments : l(1/4).(x_terr y_fdi) q_2 q_3 q_4

   Eigenvalue stability condition

  +----------------------------------+
  |      Eigenvalue      |           |
  |   Real     Imaginary |  Modulus  |
  |----------------------+-----------|
  |  .7109056          0 |  .7109056 |
  |   .460645          0 |   .460645 |
  | -.3887482          0 |  .3887482 |
  | -.2495656          0 |  .2495656 |
  +----------------------------------+

   All the eigenvalues lie inside the unit circle.
   pVAR satisfies stability condition.
  lags(2) instlags(1/4) notd: obs =   9,703, maxmod = 0.711, J p =     ., inst/eq = 11

Panel vector autoregresssion



GMM Estimation

Final GMM Criterion Q(b) =     .0192
Initial weight matrix: Identity
GMM weight matrix:     Robust
                                                   No. of obs      =      9582
                                                   No. of panels   =       119
                                                   Ave. no. of T   =    80.521


------------------------------------------------------------------------------
             | Coefficient  Std. err.      z    P>|z|     [95% conf. interval]
-------------+----------------------------------------------------------------
x_terr       |
      x_terr |
         L1. |   .2691284   .0226719    11.87   0.000     .2246923    .3135644
         L2. |   .1356779   .0199622     6.80   0.000     .0965528    .1748031
         L3. |   .0887711   .0196702     4.51   0.000     .0502183    .1273239
             |
       y_fdi |
         L1. |   -.039867   .0079256    -5.03   0.000    -.0554008   -.0243332
         L2. |  -.0243493   .0073478    -3.31   0.001    -.0387507   -.0099479
         L3. |  -.0282676   .0067629    -4.18   0.000    -.0415226   -.0150126
             |
         q_2 |  -.0962117   .0270058    -3.56   0.000    -.1491421   -.0432814
         q_3 |  -.1180633   .0281324    -4.20   0.000    -.1732017   -.0629248
         q_4 |  -.1394628   .0277664    -5.02   0.000    -.1938841   -.0850416
-------------+----------------------------------------------------------------
y_fdi        |
      x_terr |
         L1. |  -.0662294   .0249694    -2.65   0.008    -.1151685   -.0172902
         L2. |  -.0299834    .020735    -1.45   0.148    -.0706233    .0106565
         L3. |  -.0331828   .0206331    -1.61   0.108    -.0736229    .0072573
             |
       y_fdi |
         L1. |   .2681596   .0180968    14.82   0.000     .2326905    .3036287
         L2. |   .2192154   .0186205    11.77   0.000       .18272    .2557108
         L3. |   .1754749   .0180531     9.72   0.000     .1400915    .2108584
             |
         q_2 |  -.0439539   .0456358    -0.96   0.335    -.1333984    .0454906
         q_3 |   .0177577    .044541     0.40   0.690     -.069541    .1050564
         q_4 |   .0455375    .047043     0.97   0.333     -.046665    .1377401
------------------------------------------------------------------------------
Instruments : l(1/5).(x_terr y_fdi) q_2 q_3 q_4

   Eigenvalue stability condition

  +----------------------------------+
  |      Eigenvalue      |           |
  |   Real     Imaginary |  Modulus  |
  |----------------------+-----------|
  |  .8378787          0 |  .8378787 |
  |  .6340089          0 |  .6340089 |
  | -.2693033   .3855048 |  .4702533 |
  | -.2693033  -.3855048 |  .4702533 |
  | -.1979966  -.2922559 |  .3530101 |
  | -.1979966   .2922559 |  .3530101 |
  +----------------------------------+

   All the eigenvalues lie inside the unit circle.
   pVAR satisfies stability condition.
  lags(3) instlags(1/5) notd: obs =   9,582, maxmod = 0.838, J p =     ., inst/eq = 13

Panel vector autoregresssion



GMM Estimation

Final GMM Criterion Q(b) =    .00453
Initial weight matrix: Identity
GMM weight matrix:     Robust
                                                   No. of obs      =      9461
                                                   No. of panels   =       119
                                                   Ave. no. of T   =    79.504


------------------------------------------------------------------------------
             | Coefficient  Std. err.      z    P>|z|     [95% conf. interval]
-------------+----------------------------------------------------------------
x_terr       |
      x_terr |
         L1. |   .2906159   .0245486    11.84   0.000     .2425016    .3387302
         L2. |    .154212   .0204833     7.53   0.000     .1140654    .1943586
         L3. |   .0995852   .0200968     4.96   0.000     .0601963    .1389741
         L4. |   .0736973   .0189625     3.89   0.000     .0365314    .1108632
             |
       y_fdi |
         L1. |  -.0274404   .0084434    -3.25   0.001    -.0439892   -.0108917
         L2. |  -.0143235   .0077245    -1.85   0.064    -.0294632    .0008163
         L3. |   -.018017   .0069318    -2.60   0.009     -.031603   -.0044309
         L4. |  -.0202059   .0072965    -2.77   0.006    -.0345068   -.0059051
             |
         q_2 |  -.0702897   .0293307    -2.40   0.017    -.1277769   -.0128025
         q_3 |   -.087817   .0292202    -3.01   0.003    -.1450875   -.0305465
         q_4 |  -.1002019   .0292982    -3.42   0.001    -.1576253   -.0427786
-------------+----------------------------------------------------------------
y_fdi        |
      x_terr |
         L1. |  -.0325325   .0267668    -1.22   0.224    -.0849944    .0199293
         L2. |  -.0095705   .0214206    -0.45   0.655     -.051554     .032413
         L3. |  -.0010831   .0209017    -0.05   0.959    -.0420497    .0398836
         L4. |   .0112439   .0199346     0.56   0.573    -.0278272     .050315
             |
       y_fdi |
         L1. |   .2450698    .018198    13.47   0.000     .2094023    .2807373
         L2. |   .1971316   .0186931    10.55   0.000     .1604939    .2337694
         L3. |   .1376332    .018427     7.47   0.000      .101517    .1737494
         L4. |   .2226405   .0184951    12.04   0.000     .1863908    .2588902
             |
         q_2 |   .0574037   .0474536     1.21   0.226    -.0356036    .1504109
         q_3 |   .1201095   .0453346     2.65   0.008     .0312552    .2089637
         q_4 |   .1395621   .0479581     2.91   0.004     .0455659    .2335583
------------------------------------------------------------------------------
Instruments : l(1/6).(x_terr y_fdi) q_2 q_3 q_4

   Eigenvalue stability condition

  +----------------------------------+
  |      Eigenvalue      |           |
  |   Real     Imaginary |  Modulus  |
  |----------------------+-----------|
  |  .9194782          0 |  .9194782 |
  |  .7889707          0 |  .7889707 |
  | -.6253245          0 |  .6253245 |
  | -.0216001  -.6214977 |   .621873 |
  | -.0216001   .6214977 |   .621873 |
  |  -.033586  -.4645717 |  .4657841 |
  |  -.033586   .4645717 |  .4657841 |
  | -.4370666          0 |  .4370666 |
  +----------------------------------+

   All the eigenvalues lie inside the unit circle.
   pVAR satisfies stability condition.
  lags(4) instlags(1/6) notd: obs =   9,461, maxmod = 0.919, J p =     ., inst/eq = 15

Panel vector autoregresssion



GMM Estimation

Final GMM Criterion Q(b) =    .00328
Initial weight matrix: Identity
GMM weight matrix:     Robust
                                                   No. of obs      =      9340
                                                   No. of panels   =       119
                                                   Ave. no. of T   =    78.487


------------------------------------------------------------------------------
             | Coefficient  Std. err.      z    P>|z|     [95% conf. interval]
-------------+----------------------------------------------------------------
x_terr       |
      x_terr |
         L1. |   .3150423   .0264662    11.90   0.000     .2631695    .3669152
         L2. |   .1726558    .021516     8.02   0.000     .1304852    .2148265
         L3. |   .1119624   .0203816     5.49   0.000     .0720153    .1519095
         L4. |   .0799168   .0189852     4.21   0.000     .0427064    .1171271
         L5. |   .0453414   .0188894     2.40   0.016     .0083189    .0823638
             |
       y_fdi |
         L1. |  -.0168698    .008738    -1.93   0.054    -.0339959    .0002563
         L2. |  -.0075755   .0080835    -0.94   0.349    -.0234188    .0082678
         L3. |  -.0129205   .0072898    -1.77   0.076    -.0272083    .0013673
         L4. |  -.0135731   .0076426    -1.78   0.076    -.0285524    .0014062
         L5. |  -.0029792   .0068643    -0.43   0.664    -.0164329    .0104745
             |
         q_2 |  -.0326799   .0318264    -1.03   0.305    -.0950585    .0296986
         q_3 |  -.0589381   .0323217    -1.82   0.068    -.1222874    .0044111
         q_4 |  -.0669525   .0313366    -2.14   0.033    -.1283711   -.0055339
-------------+----------------------------------------------------------------
y_fdi        |
      x_terr |
         L1. |  -.0594669   .0286392    -2.08   0.038    -.1155987   -.0033352
         L2. |  -.0239399   .0234416    -1.02   0.307    -.0698845    .0220047
         L3. |  -.0143327   .0211947    -0.68   0.499    -.0558736    .0272082
         L4. |   .0049885   .0204449     0.24   0.807    -.0350829    .0450598
         L5. |  -.0303346   .0201345    -1.51   0.132    -.0697974    .0091282
             |
       y_fdi |
         L1. |   .2284702   .0187447    12.19   0.000     .1917313    .2652091
         L2. |   .1865339   .0189527     9.84   0.000     .1493873    .2236805
         L3. |   .1324235   .0184498     7.18   0.000     .0962625    .1685845
         L4. |   .2084884   .0190329    10.95   0.000     .1711847    .2457921
         L5. |   .0480298   .0179866     2.67   0.008     .0127767    .0832828
             |
         q_2 |   .0401163   .0485426     0.83   0.409    -.0550254    .1352581
         q_3 |   .1100795   .0462656     2.38   0.017     .0194006    .2007583
         q_4 |   .1269345   .0494263     2.57   0.010     .0300608    .2238082
------------------------------------------------------------------------------
Instruments : l(1/7).(x_terr y_fdi) q_2 q_3 q_4

   Eigenvalue stability condition

  +----------------------------------+
  |      Eigenvalue      |           |
  |   Real     Imaginary |  Modulus  |
  |----------------------+-----------|
  |  .9397734          0 |  .9397734 |
  |  .8458083          0 |  .8458083 |
  |  .0458204   -.613365 |   .615074 |
  |  .0458204    .613365 |   .615074 |
  |  .0964831   .4943661 |  .5036932 |
  |  .0964831  -.4943661 |  .5036932 |
  | -.5029098          0 |  .5029098 |
  | -.3762221  -.2428352 |  .4477857 |
  | -.3762221   .2428352 |  .4477857 |
  | -.2713221          0 |  .2713221 |
  +----------------------------------+

   All the eigenvalues lie inside the unit circle.
   pVAR satisfies stability condition.
  lags(5) instlags(1/7) notd: obs =   9,340, maxmod = 0.940, J p =     ., inst/eq = 17

Panel vector autoregresssion



GMM Estimation

Final GMM Criterion Q(b) =    .00603
Initial weight matrix: Identity
GMM weight matrix:     Robust
                                                   No. of obs      =      9219
                                                   No. of panels   =       119
                                                   Ave. no. of T   =    77.471


------------------------------------------------------------------------------
             | Coefficient  Std. err.      z    P>|z|     [95% conf. interval]
-------------+----------------------------------------------------------------
x_terr       |
      x_terr |
         L1. |   .3009574   .0276257    10.89   0.000     .2468121    .3551028
         L2. |   .1612373   .0222237     7.26   0.000     .1176796    .2047949
         L3. |     .10157   .0206758     4.91   0.000     .0610461    .1420939
         L4. |   .0753376   .0191296     3.94   0.000     .0378442     .112831
         L5. |   .0353328   .0187198     1.89   0.059    -.0013574     .072023
         L6. |   .0071187   .0186007     0.38   0.702     -.029338    .0435754
             |
       y_fdi |
         L1. |  -.0211659   .0092136    -2.30   0.022    -.0392242   -.0031076
         L2. |  -.0091779   .0081228    -1.13   0.259    -.0250983    .0067425
         L3. |  -.0151985   .0074704    -2.03   0.042    -.0298401   -.0005569
         L4. |  -.0166143   .0079262    -2.10   0.036    -.0321493   -.0010793
         L5. |  -.0051364   .0069477    -0.74   0.460    -.0187537    .0084809
         L6. |  -.0112382   .0071286    -1.58   0.115      -.02521    .0027335
             |
         q_2 |  -.0513188   .0335672    -1.53   0.126    -.1171093    .0144716
         q_3 |  -.0771673   .0344615    -2.24   0.025    -.1447106   -.0096239
         q_4 |  -.0869248    .033874    -2.57   0.010    -.1533167   -.0205329
-------------+----------------------------------------------------------------
y_fdi        |
      x_terr |
         L1. |  -.0557761   .0290062    -1.92   0.054    -.1126272     .001075
         L2. |  -.0131332   .0236504    -0.56   0.579    -.0594872    .0332208
         L3. |  -.0076551    .020023    -0.38   0.702    -.0468994    .0315892
         L4. |   .0070214   .0194465     0.36   0.718    -.0310931    .0451359
         L5. |   -.024633   .0190383    -1.29   0.196    -.0619475    .0126814
         L6. |   .0001071   .0185269     0.01   0.995     -.036205    .0364192
             |
       y_fdi |
         L1. |   .2353345   .0190282    12.37   0.000     .1980399     .272629
         L2. |   .1757621   .0187243     9.39   0.000     .1390632     .212461
         L3. |   .1280516   .0181096     7.07   0.000     .0925574    .1635459
         L4. |   .2072118   .0187731    11.04   0.000     .1704171    .2440065
         L5. |   .0349709   .0175583     1.99   0.046     .0005572    .0693845
         L6. |   .0632534   .0178197     3.55   0.000     .0283274    .0981793
             |
         q_2 |   .0448922   .0493199     0.91   0.363     -.051773    .1415573
         q_3 |   .1073724    .047102     2.28   0.023     .0150541    .1996906
         q_4 |   .1122667   .0510475     2.20   0.028     .0122154     .212318
------------------------------------------------------------------------------
Instruments : l(1/8).(x_terr y_fdi) q_2 q_3 q_4

   Eigenvalue stability condition

  +----------------------------------+
  |      Eigenvalue      |           |
  |   Real     Imaginary |  Modulus  |
  |----------------------+-----------|
  |  .9552848          0 |  .9552848 |
  |  .8298037          0 |  .8298037 |
  | -.6767153          0 |  .6767153 |
  |  .1964216  -.5379265 |   .572666 |
  |  .1964216   .5379265 |   .572666 |
  | -.2049778  -.5082141 |   .547994 |
  | -.2049778   .5082141 |   .547994 |
  |  .1095518   .4480073 |  .4612073 |
  |  .1095518  -.4480073 |  .4612073 |
  | -.3539244          0 |  .3539244 |
  |  -.210074  -.2634176 |  .3369272 |
  |  -.210074   .2634176 |  .3369272 |
  +----------------------------------+

   All the eigenvalues lie inside the unit circle.
   pVAR satisfies stability condition.
  lags(6) instlags(1/8) notd: obs =   9,219, maxmod = 0.955, J p =     ., inst/eq = 19

------------------------------------------------------------------------------
Lag screen, time demeaning: td
------------------------------------------------------------------------------

Panel vector autoregresssion



GMM Estimation

Final GMM Criterion Q(b) =     .0303
Initial weight matrix: Identity
GMM weight matrix:     Robust
                                                   No. of obs      =      9826
                                                   No. of panels   =       119
                                                   Ave. no. of T   =    82.571


------------------------------------------------------------------------------
             | Coefficient  Std. err.      z    P>|z|     [95% conf. interval]
-------------+----------------------------------------------------------------
x_terr       |
      x_terr |
         L1. |   .2194031   .0222003     9.88   0.000     .1758914    .2629148
             |
       y_fdi |
         L1. |   .0094645   .0066227     1.43   0.153    -.0035159    .0224448
-------------+----------------------------------------------------------------
y_fdi        |
      x_terr |
         L1. |  -.0558673   .0214243    -2.61   0.009    -.0978581   -.0138764
             |
       y_fdi |
         L1. |   .2811552   .0179086    15.70   0.000     .2460549    .3162555
------------------------------------------------------------------------------
Instruments : l(1/3).(x_terr y_fdi) 

   Eigenvalue stability condition

  +----------------------------------+
  |      Eigenvalue      |           |
  |   Real     Imaginary |  Modulus  |
  |----------------------+-----------|
  |  .2708844          0 |  .2708844 |
  |  .2296739          0 |  .2296739 |
  +----------------------------------+

   All the eigenvalues lie inside the unit circle.
   pVAR satisfies stability condition.
  lags(1) instlags(1/3) td: obs =   9,826, maxmod = 0.271, J p =     ., inst/eq = 6

Panel vector autoregresssion



GMM Estimation

Final GMM Criterion Q(b) =      .026
Initial weight matrix: Identity
GMM weight matrix:     Robust
                                                   No. of obs      =      9703
                                                   No. of panels   =       119
                                                   Ave. no. of T   =    81.538


------------------------------------------------------------------------------
             | Coefficient  Std. err.      z    P>|z|     [95% conf. interval]
-------------+----------------------------------------------------------------
x_terr       |
      x_terr |
         L1. |   .2334436   .0210842    11.07   0.000     .1921192    .2747679
         L2. |   .1214946   .0190977     6.36   0.000     .0840639    .1589254
             |
       y_fdi |
         L1. |   .0065624   .0064485     1.02   0.309    -.0060764    .0192012
         L2. |   .0133637   .0061529     2.17   0.030     .0013042    .0254232
-------------+----------------------------------------------------------------
y_fdi        |
      x_terr |
         L1. |  -.0460884   .0214164    -2.15   0.031    -.0880637    -.004113
         L2. |  -.0242309   .0198254    -1.22   0.222    -.0630881    .0146262
             |
       y_fdi |
         L1. |   .2340889   .0170918    13.70   0.000     .2005897    .2675881
         L2. |   .2163915   .0172318    12.56   0.000     .1826177    .2501653
------------------------------------------------------------------------------
Instruments : l(1/4).(x_terr y_fdi) 

   Eigenvalue stability condition

  +----------------------------------+
  |      Eigenvalue      |           |
  |   Real     Imaginary |  Modulus  |
  |----------------------+-----------|
  |  .5857732          0 |  .5857732 |
  |  .4964733          0 |  .4964733 |
  |  -.361709          0 |   .361709 |
  |  -.253005          0 |   .253005 |
  +----------------------------------+

   All the eigenvalues lie inside the unit circle.
   pVAR satisfies stability condition.
  lags(2) instlags(1/4) td: obs =   9,703, maxmod = 0.586, J p =     ., inst/eq = 8

Panel vector autoregresssion



GMM Estimation

Final GMM Criterion Q(b) =     .0175
Initial weight matrix: Identity
GMM weight matrix:     Robust
                                                   No. of obs      =      9582
                                                   No. of panels   =       119
                                                   Ave. no. of T   =    80.521


------------------------------------------------------------------------------
             | Coefficient  Std. err.      z    P>|z|     [95% conf. interval]
-------------+----------------------------------------------------------------
x_terr       |
      x_terr |
         L1. |   .2546401   .0213461    11.93   0.000     .2128025    .2964776
         L2. |   .1284019   .0188694     6.80   0.000     .0914186    .1653852
         L3. |   .0877805   .0183597     4.78   0.000     .0517961    .1237649
             |
       y_fdi |
         L1. |   .0067426   .0061957     1.09   0.276    -.0054008     .018886
         L2. |   .0105632   .0060897     1.73   0.083    -.0013724    .0224988
         L3. |   .0067398    .005973     1.13   0.259     -.004967    .0184465
-------------+----------------------------------------------------------------
y_fdi        |
      x_terr |
         L1. |  -.0390486    .024073    -1.62   0.105    -.0862309    .0081336
         L2. |  -.0181117   .0200406    -0.90   0.366    -.0573906    .0211672
         L3. |  -.0150713   .0198568    -0.76   0.448      -.05399    .0238474
             |
       y_fdi |
         L1. |      .2196   .0168989    12.99   0.000     .1864788    .2527212
         L2. |   .1862707   .0170995    10.89   0.000     .1527563    .2197851
         L3. |   .1491748   .0167418     8.91   0.000     .1163614    .1819882
------------------------------------------------------------------------------
Instruments : l(1/5).(x_terr y_fdi) 

   Eigenvalue stability condition

  +----------------------------------+
  |      Eigenvalue      |           |
  |   Real     Imaginary |  Modulus  |
  |----------------------+-----------|
  |  .7308743          0 |  .7308743 |
  |  .6670257          0 |  .6670257 |
  |  -.260829  -.3638338 |  .4476681 |
  |  -.260829   .3638338 |  .4476681 |
  |  -.201001   .3076789 |  .3675156 |
  |  -.201001  -.3076789 |  .3675156 |
  +----------------------------------+

   All the eigenvalues lie inside the unit circle.
   pVAR satisfies stability condition.
  lags(3) instlags(1/5) td: obs =   9,582, maxmod = 0.731, J p =     ., inst/eq = 10

Panel vector autoregresssion



GMM Estimation

Final GMM Criterion Q(b) =    .00382
Initial weight matrix: Identity
GMM weight matrix:     Robust
                                                   No. of obs      =      9461
                                                   No. of panels   =       119
                                                   Ave. no. of T   =    79.504


------------------------------------------------------------------------------
             | Coefficient  Std. err.      z    P>|z|     [95% conf. interval]
-------------+----------------------------------------------------------------
x_terr       |
      x_terr |
         L1. |   .2726559   .0217658    12.53   0.000     .2299957    .3153161
         L2. |   .1466248   .0190315     7.70   0.000     .1093238    .1839257
         L3. |   .0945811   .0183314     5.16   0.000     .0586522    .1305101
         L4. |   .0802453   .0171976     4.67   0.000     .0465386     .113952
             |
       y_fdi |
         L1. |   .0033154   .0061761     0.54   0.591    -.0087896    .0154205
         L2. |   .0075979   .0060856     1.25   0.212    -.0043297    .0195256
         L3. |   .0017769   .0059592     0.30   0.766    -.0099029    .0134568
         L4. |  -.0023918   .0062301    -0.38   0.701    -.0146025    .0098189
-------------+----------------------------------------------------------------
y_fdi        |
      x_terr |
         L1. |  -.0464212   .0255693    -1.82   0.069    -.0965361    .0036938
         L2. |  -.0187174   .0201609    -0.93   0.353    -.0582322    .0207973
         L3. |  -.0114891   .0200265    -0.57   0.566    -.0507404    .0277621
         L4. |  -.0022391   .0192147    -0.12   0.907    -.0398991     .035421
             |
       y_fdi |
         L1. |   .1893022   .0168205    11.25   0.000     .1563347    .2222697
         L2. |   .1553369   .0173558     8.95   0.000     .1213201    .1893538
         L3. |    .111645   .0167335     6.67   0.000     .0788479    .1444421
         L4. |   .1943171   .0170278    11.41   0.000     .1609434    .2276909
------------------------------------------------------------------------------
Instruments : l(1/6).(x_terr y_fdi) 

   Eigenvalue stability condition

  +----------------------------------+
  |      Eigenvalue      |           |
  |   Real     Imaginary |  Modulus  |
  |----------------------+-----------|
  |  .8447625          0 |  .8447625 |
  |  .7846946          0 |  .7846946 |
  | -.6123825          0 |  .6123825 |
  | -.0227399   .6112342 |   .611657 |
  | -.0227399  -.6112342 |   .611657 |
  | -.0282288   .4750654 |  .4759034 |
  | -.0282288  -.4750654 |  .4759034 |
  | -.4531791          0 |  .4531791 |
  +----------------------------------+

   All the eigenvalues lie inside the unit circle.
   pVAR satisfies stability condition.
  lags(4) instlags(1/6) td: obs =   9,461, maxmod = 0.845, J p =     ., inst/eq = 12

Panel vector autoregresssion



GMM Estimation

Final GMM Criterion Q(b) =    .00195
Initial weight matrix: Identity
GMM weight matrix:     Robust
                                                   No. of obs      =      9340
                                                   No. of panels   =       119
                                                   Ave. no. of T   =    78.487


------------------------------------------------------------------------------
             | Coefficient  Std. err.      z    P>|z|     [95% conf. interval]
-------------+----------------------------------------------------------------
x_terr       |
      x_terr |
         L1. |   .2839437   .0227234    12.50   0.000     .2394066    .3284808
         L2. |   .1558604   .0193395     8.06   0.000     .1179558    .1937651
         L3. |   .0994065   .0183498     5.42   0.000     .0634416    .1353715
         L4. |    .078062   .0171592     4.55   0.000     .0444307    .1116933
         L5. |    .047906   .0171048     2.80   0.005     .0143812    .0814308
             |
       y_fdi |
         L1. |   .0019686   .0061414     0.32   0.749    -.0100684    .0140056
         L2. |   .0056006   .0061299     0.91   0.361    -.0064139    .0176151
         L3. |   .0003819   .0059527     0.06   0.949    -.0112853     .012049
         L4. |  -.0035917    .006233    -0.58   0.564    -.0158082    .0086247
         L5. |    .004592   .0057597     0.80   0.425    -.0066967    .0158808
-------------+----------------------------------------------------------------
y_fdi        |
      x_terr |
         L1. |  -.0646348   .0265836    -2.43   0.015    -.1167377   -.0125318
         L2. |   -.031303   .0215309    -1.45   0.146    -.0735028    .0108968
         L3. |  -.0187493   .0200994    -0.93   0.351    -.0581435    .0206448
         L4. |  -.0057031   .0195778    -0.29   0.771     -.044075    .0326687
         L5. |  -.0408209   .0194012    -2.10   0.035    -.0788466   -.0027953
             |
       y_fdi |
         L1. |   .1819459   .0170616    10.66   0.000     .1485057     .215386
         L2. |   .1510947   .0175541     8.61   0.000     .1166894       .1855
         L3. |   .1121121   .0168785     6.64   0.000     .0790308    .1451933
         L4. |   .1869813   .0174462    10.72   0.000     .1527873    .2211753
         L5. |   .0378703   .0164595     2.30   0.021     .0056102    .0701303
------------------------------------------------------------------------------
Instruments : l(1/7).(x_terr y_fdi) 

   Eigenvalue stability condition

  +----------------------------------+
  |      Eigenvalue      |           |
  |   Real     Imaginary |  Modulus  |
  |----------------------+-----------|
  |  .8521727  -.0142065 |  .8522911 |
  |  .8521727   .0142065 |  .8522911 |
  |  .0357349   .6085438 |  .6095921 |
  |  .0357349  -.6085438 |  .6095921 |
  |  .1102839   .5000535 |  .5120703 |
  |  .1102839  -.5000535 |  .5120703 |
  | -.4992884          0 |  .4992884 |
  | -.3737224    .244822 |  .4467732 |
  | -.3737224   -.244822 |  .4467732 |
  | -.2837602          0 |  .2837602 |
  +----------------------------------+

   All the eigenvalues lie inside the unit circle.
   pVAR satisfies stability condition.
  lags(5) instlags(1/7) td: obs =   9,340, maxmod = 0.852, J p =     ., inst/eq = 14

Panel vector autoregresssion



GMM Estimation

Final GMM Criterion Q(b) =    .00503
Initial weight matrix: Identity
GMM weight matrix:     Robust
                                                   No. of obs      =      9219
                                                   No. of panels   =       119
                                                   Ave. no. of T   =    77.471


------------------------------------------------------------------------------
             | Coefficient  Std. err.      z    P>|z|     [95% conf. interval]
-------------+----------------------------------------------------------------
x_terr       |
      x_terr |
         L1. |   .2867386   .0236887    12.10   0.000     .2403096    .3331676
         L2. |   .1578145   .0196878     8.02   0.000     .1192271    .1964019
         L3. |   .0995616   .0183397     5.43   0.000     .0636165    .1355067
         L4. |    .080728   .0172982     4.67   0.000     .0468242    .1146319
         L5. |   .0451441    .016967     2.66   0.008     .0118895    .0783987
         L6. |   .0179318   .0163652     1.10   0.273    -.0141434    .0500071
             |
       y_fdi |
         L1. |   .0020826   .0061914     0.34   0.737    -.0100524    .0142175
         L2. |   .0049574   .0061271     0.81   0.418    -.0070515    .0169663
         L3. |  -.0004772   .0059806    -0.08   0.936    -.0121989    .0112445
         L4. |  -.0041432   .0062659    -0.66   0.508    -.0164241    .0081377
         L5. |   .0024728   .0057373     0.43   0.666    -.0087722    .0137178
         L6. |   .0014177   .0060802     0.23   0.816    -.0104992    .0133346
-------------+----------------------------------------------------------------
y_fdi        |
      x_terr |
         L1. |  -.0555587   .0281343    -1.97   0.048    -.1107009   -.0004165
         L2. |  -.0198475   .0225809    -0.88   0.379    -.0641052    .0244103
         L3. |  -.0094863   .0201328    -0.47   0.638    -.0489459    .0299734
         L4. |  -.0013368   .0197457    -0.07   0.946    -.0400378    .0373641
         L5. |  -.0323872   .0195269    -1.66   0.097    -.0706592    .0058848
         L6. |  -.0095664   .0182852    -0.52   0.601    -.0454048     .026272
             |
       y_fdi |
         L1. |   .1858544   .0171879    10.81   0.000     .1521667    .2195421
         L2. |   .1403821   .0177695     7.90   0.000     .1055546    .1752096
         L3. |   .1088683   .0170646     6.38   0.000     .0754224    .1423142
         L4. |   .1871401   .0176116    10.63   0.000     .1526219    .2216583
         L5. |   .0272327   .0166041     1.64   0.101    -.0053106    .0597761
         L6. |   .0537687   .0167936     3.20   0.001     .0208539    .0866835
------------------------------------------------------------------------------
Instruments : l(1/8).(x_terr y_fdi) 

   Eigenvalue stability condition

  +----------------------------------+
  |      Eigenvalue      |           |
  |   Real     Imaginary |  Modulus  |
  |----------------------+-----------|
  |  .8824487          0 |  .8824487 |
  |   .863701          0 |   .863701 |
  | -.6690773          0 |  .6690773 |
  |  .1685511  -.5300961 |  .5562476 |
  |  .1685511   .5300961 |  .5562476 |
  | -.1984933   .5111781 |  .5483636 |
  | -.1984933  -.5111781 |  .5483636 |
  |   .191432   .4780527 |  .5149569 |
  |   .191432  -.4780527 |  .5149569 |
  | -.4334104          0 |  .4334104 |
  | -.2470244   .3439151 |  .4234367 |
  | -.2470244  -.3439151 |  .4234367 |
  +----------------------------------+

   All the eigenvalues lie inside the unit circle.
   pVAR satisfies stability condition.
  lags(6) instlags(1/8) td: obs =   9,219, maxmod = 0.882, J p =     ., inst/eq = 16

. postclose lagsel

. 
. preserve

.     use "$TABLES/lagsel_${TAG}.dta", clear

.     format jstat maxmod %9.3f

.     format jp %6.3f

.     di as txt _n "{hline 78}"

------------------------------------------------------------------------------

.     di as txt "Lag screen summary"
Lag screen summary

.     di as txt "{hline 78}"
------------------------------------------------------------------------------

.     list lags instlag_max tdopt nobs ncty maxmod jstat jdf jp ninst, ///
>         noobs sepby(tdopt)

  +-----------------------------------------------------------------------------+
  | lags   instla~x   tdopt   nobs   ncty   maxmod     jstat   jdf   jp   ninst |
  |-----------------------------------------------------------------------------|
  |    1          3    notd   9826      .    0.443   365.190     8    .       9 |
  |    2          4    notd   9703      .    0.711   293.726     8    .      11 |
  |    3          5    notd   9582      .    0.838   183.816     8    .      13 |
  |    4          6    notd   9461      .    0.919    42.893     8    .      15 |
  |    5          7    notd   9340      .    0.940    30.611     8    .      17 |
  |    6          8    notd   9219      .    0.955    55.620     8    .      19 |
  |-----------------------------------------------------------------------------|
  |    1          3      td   9826      .    0.271   297.940     8    .       6 |
  |    2          4      td   9703      .    0.586   251.931     8    .       8 |
  |    3          5      td   9582      .    0.731   167.328     8    .      10 |
  |    4          6      td   9461      .    0.845    36.173     8    .      12 |
  |    5          7      td   9340      .    0.852    18.246     8    .      14 |
  |    6          8      td   9219      .    0.882    46.371     8    .      16 |
  +-----------------------------------------------------------------------------+

.     export delimited using "$TABLES/lagsel_${TAG}.csv", replace
(file C:/Users/Benedikt/PycharmProjects/terror_and_fdi/output/tables/lagsel_attacks_total_fdi_in_pct_qgdp_core_min28.csv not found)
file C:/Users/Benedikt/PycharmProjects/terror_and_fdi/output/tables/lagsel_attacks_total_fdi_in_pct_qgdp_core_min28.csv saved

. 
.     * Suggest a lag order: smallest p that is stable and whose J is not
.     * rejected, preferring the td specification.
.     qui gen byte ok = (maxmod < 0.98) & (jp > 0.05) & !missing(jp)

.     qui count if ok & tdopt == "td"

.     if r(N) > 0 {
.         qui sum lags if ok & tdopt == "td"
.         global SUGGESTLAG = r(min)
.     }

.     else {
.         global SUGGESTLAG = 2
.         di as error "No lag order passes both gatekeepers under td;"
No lag order passes both gatekeepers under td;
.         di as error "falling back to lags(2). Inspect the table above."
falling back to lags(2). Inspect the table above.
.     }

.     di as txt _n "Suggested lag order (smallest stable, J not rejected): " ///
>         "$SUGGESTLAG"

Suggested lag order (smallest stable, J not rejected): 2

. restore

. 
. if $BASELAG > 0 {
.     global P = $BASELAG
.     di as txt "Lag order forced by BASELAG: $P"
. }

. else {
.     global P = $SUGGESTLAG
.     di as txt "Lag order taken from the screen: $P"
Lag order taken from the screen: 2
. }

. global K = $P + $INSTEXTRA

. 
. 
. *==============================================================================*
. * 5. BASELINE ESTIMATION
. *==============================================================================*
. * Estimated in levels, Helmert-transformed (forward orthogonal deviations,
. * the pvar default). FOD is preferred to first differencing here because it
. * leaves the transformed errors serially uncorrelated and, with the four
. * internal gaps in this panel, destroys one observation per gap rather than
. * two.
. 
. capture postclose gate

. postfile gate str4 tdopt double(nobs ncty jstat jdf jp maxmod resid_corr) ///
>     str24 note using "$TABLES/gatekeepers_${TAG}.dta", replace
(file C:/Users/Benedikt/PycharmProjects/terror_and_fdi/output/tables/gatekeepers_attacks_total_fdi_in_pct_qgdp_core_min28.dta not found)

. 
. foreach td in "" "td" {
  2. 
.     local tdlab = cond("`td'" == "", "notd", "td")
  3.     local xopt  = cond("`td'" == "", "exog(`SEAS')", "")
  4. 
.     di as txt _n "{hline 78}"
  5.     di as txt "BASELINE PVAR: lags($P), instlags(1/$K), `tdlab'"
  6.     di as txt "  Cholesky order for part 3: `SYS'  (terror first)"
  7.     di as txt "{hline 78}"
  8. 
.     cap noisily pvar `SYS' if insample, lags($P) instlags(1/$K) `xopt' `td'
  9.     if _rc {
 10.         di as error "Baseline estimation failed (rc = " _rc "); skipping `tdlab'."
 11.         continue
 12.     }
 13. 
.     local nobs_b = e(N)
 14.     local ncty_b = e(N_g)
 15.     local jstat  = .
 16.     local jdf    = .
 17.     local jp     = .
 18.     foreach nm in J j {
 19.         if missing(`jstat') local jstat = e(`nm')
 20.     }
 21.     foreach nm in J_df j_df Jdf {
 22.         if missing(`jdf') local jdf = e(`nm')
 23.     }
 24.     foreach nm in J_pvalue jp J_p {
 25.         if missing(`jp') local jp = e(`nm')
 26.     }
 27. 
.     * Store for the impulse responses in part 3.
.     estimates store pvar_`tdlab'
 28.     cap estimates save "$ESTS/pvar_${TAG}_l${P}_`tdlab'.ster", replace
 29. 
.     *--- Gatekeeper 1: eigenvalue stability ---------------------------------*
.     di as txt _n "--- Eigenvalue stability ---"
 30.     local maxmod = .
 31.     cap noisily pvarstable
 32.     if !_rc {
 33.         tempname MOD
 34.         cap matrix `MOD' = r(Modulus)
 35.         if _rc cap matrix `MOD' = r(modulus)
 36.         if !_rc {
 37.             local maxmod = 0
 38.             forvalues rr = 1/`=rowsof(`MOD')' {
 39.                 forvalues cc = 1/`=colsof(`MOD')' {
 40.                     if `MOD'[`rr', `cc'] > `maxmod' & !missing(`MOD'[`rr', `cc']) {
 41.                         local maxmod = `MOD'[`rr', `cc']
 42.                     }
 43.                 }
 44.             }
 45.         }
 46.     }
 47.     if !missing(`maxmod') & `maxmod' > 0 & `maxmod' < 1 {
 48.         local halflife = ln(0.5) / ln(`maxmod')
 49.         di as txt "  Largest modulus: " %6.4f `maxmod'
 50.         di as txt "  Implied half-life of the most persistent root: " ///
>             %5.1f `halflife' " quarters"
 51.         if `maxmod' > 0.95 {
 52.             di as error "  Formally stable but near-integrated: the impulse"
 53.             di as error "  response bands will be wide and asymmetric."
 54.         }
 55.     }
 56. 
.     *--- Gatekeeper 2: Hansen J ---------------------------------------------*
.     di as txt _n "--- Overidentification ---"
 57.     di as txt "  Hansen J = " %8.3f `jstat' "  df = " `jdf' "  p = " %6.3f `jp'
 58.     local nvar  = wordcount("`SYS'")
 59.     local ninst = `nvar' * $K + cond("`td'" == "", wordcount("`SEAS'"), 0)
 60.     di as txt "  Instruments per equation: " `ninst' ///
>         "   Countries: " `ncty_b'
 61.     if !missing(`jp') {
 62.         if `jp' > 0.25 {
 63.             di as error "  J p-value above 0.25: check the instrument count"
 64.             di as error "  before reading this as evidence of validity."
 65.         }
 66.         if `jp' < 0.05 {
 67.             di as error "  J rejects. Possible causes, in order of plausibility:"
 68.             di as error "   (a) an omitted, serially correlated determinant of"
 69.             di as error "       FDI sitting in the error term;"
 70.             di as error "   (b) too few lags, leaving serial correlation;"
 71.             di as error "   (c) genuinely invalid instruments."
 72.         }
 73.     }
 74. 
.     *--- Granger causality ---------------------------------------------------*
.     di as txt _n "--- Granger causality (Wald tests on the lag blocks) ---"
 75.     cap noisily pvargranger
 76. 
.     *--- Residual correlation: does the Cholesky ordering matter? -----------*
.     * If the reduced-form residuals are close to uncorrelated, A is close to
.     * diagonal and the ordering is nearly irrelevant. That is the cleanest
.     * defence of the recursive identification used in part 3.
.     local rcorr = .
 77.     tempname SIG
 78.     cap matrix `SIG' = e(Sigma)
 79.     if !_rc {
 80.         if rowsof(`SIG') >= 2 {
 81.             local s11 = `SIG'[1,1]
 82.             local s22 = `SIG'[2,2]
 83.             local s12 = `SIG'[1,2]
 84.             if `s11' > 0 & `s22' > 0 {
 85.                 local rcorr = `s12' / sqrt(`s11' * `s22')
 86.             }
 87.         }
 88.     }
 89.     di as txt _n "--- Reduced-form residual correlation ---"
 90.     if !missing(`rcorr') {
 91.         di as txt "  corr(e_terror, e_fdi) = " %6.3f `rcorr'
 92.         if abs(`rcorr') < 0.10 {
 93.             di as txt "  Small: the Cholesky ordering should barely matter."
 94.             di as txt "  Verify this in part 3 by reversing porder()."
 95.         }
 96.         else {
 97.             di as error "  Non-trivial: the impulse responses will depend on the"
 98.             di as error "  ordering. Both orderings must be reported."
 99.         }
100.     }
101.     else {
102.         di as txt "  e(Sigma) not available; compute it from the residuals."
103.     }
104. 
.     post gate ("`tdlab'") (`nobs_b') (`ncty_b') (`jstat') (`jdf') (`jp') ///
>         (`maxmod') (`rcorr') ("lags=$P instlags=1/$K")
105. }

------------------------------------------------------------------------------
BASELINE PVAR: lags(2), instlags(1/4), notd
  Cholesky order for part 3: x_terr y_fdi  (terror first)
------------------------------------------------------------------------------

Panel vector autoregresssion



GMM Estimation

Final GMM Criterion Q(b) =     .0303
Initial weight matrix: Identity
GMM weight matrix:     Robust
                                                   No. of obs      =      9703
                                                   No. of panels   =       119
                                                   Ave. no. of T   =    81.538


------------------------------------------------------------------------------
             | Coefficient  Std. err.      z    P>|z|     [95% conf. interval]
-------------+----------------------------------------------------------------
x_terr       |
      x_terr |
         L1. |   .2448428   .0223417    10.96   0.000      .201054    .2886317
         L2. |   .1289056   .0202285     6.37   0.000     .0892585    .1685527
             |
       y_fdi |
         L1. |  -.0571812   .0078384    -7.29   0.000    -.0725442   -.0418181
         L2. |  -.0364418    .007293    -5.00   0.000    -.0507358   -.0221477
             |
         q_2 |  -.1211519   .0262651    -4.61   0.000    -.1726305   -.0696732
         q_3 |  -.1467989   .0272567    -5.39   0.000    -.2002211   -.0933766
         q_4 |  -.1742133   .0268051    -6.50   0.000    -.2267503   -.1216763
-------------+----------------------------------------------------------------
y_fdi        |
      x_terr |
         L1. |  -.0756628   .0222499    -3.40   0.001    -.1192718   -.0320538
         L2. |  -.0503544   .0211191    -2.38   0.017    -.0917471   -.0089616
             |
       y_fdi |
         L1. |    .288394   .0183535    15.71   0.000     .2524218    .3243662
         L2. |   .2607028   .0184397    14.14   0.000     .2245616    .2968439
             |
         q_2 |  -.1255567   .0436499    -2.88   0.004    -.2111089   -.0400045
         q_3 |   -.052973   .0414238    -1.28   0.201    -.1341622    .0282162
         q_4 |  -.0350987   .0452692    -0.78   0.438    -.1238247    .0536273
------------------------------------------------------------------------------
Instruments : l(1/4).(x_terr y_fdi) q_2 q_3 q_4

--- Eigenvalue stability ---

   Eigenvalue stability condition

  +----------------------------------+
  |      Eigenvalue      |           |
  |   Real     Imaginary |  Modulus  |
  |----------------------+-----------|
  |  .7109056          0 |  .7109056 |
  |   .460645          0 |   .460645 |
  | -.3887482          0 |  .3887482 |
  | -.2495656          0 |  .2495656 |
  +----------------------------------+

   All the eigenvalues lie inside the unit circle.
   pVAR satisfies stability condition.
  Largest modulus: 0.7109
  Implied half-life of the most persistent root:   2.0 quarters

--- Overidentification ---
  Hansen J =  293.726  df = 8  p =      .
  Instruments per equation: 11   Countries: .

--- Granger causality (Wald tests on the lag blocks) ---

  panel VAR-Granger causality Wald test
    Ho: Excluded variable does not Granger-cause Equation variable
    Ha: Excluded variable Granger-causes Equation variable

  +------------------------------------------------------+
  |  Equation \ Excluded |    chi2     df   Prob > chi2  |
  |----------------------+-------------------------------|
  |x_terr                |                               |
  |                y_fdi |     61.856    2        0.000  |
  |                  ALL |     61.856    2        0.000  |
  |----------------------+-------------------------------|
  |y_fdi                 |                               |
  |               x_terr |     13.247    2        0.001  |
  |                  ALL |     13.247    2        0.001  |
  +------------------------------------------------------+

--- Reduced-form residual correlation ---
  corr(e_terror, e_fdi) =  0.014
  Small: the Cholesky ordering should barely matter.
  Verify this in part 3 by reversing porder().

------------------------------------------------------------------------------
BASELINE PVAR: lags(2), instlags(1/4), td
  Cholesky order for part 3: x_terr y_fdi  (terror first)
------------------------------------------------------------------------------

Panel vector autoregresssion



GMM Estimation

Final GMM Criterion Q(b) =      .026
Initial weight matrix: Identity
GMM weight matrix:     Robust
                                                   No. of obs      =      9703
                                                   No. of panels   =       119
                                                   Ave. no. of T   =    81.538


------------------------------------------------------------------------------
             | Coefficient  Std. err.      z    P>|z|     [95% conf. interval]
-------------+----------------------------------------------------------------
x_terr       |
      x_terr |
         L1. |   .2334436   .0210842    11.07   0.000     .1921192    .2747679
         L2. |   .1214946   .0190977     6.36   0.000     .0840639    .1589254
             |
       y_fdi |
         L1. |   .0065624   .0064485     1.02   0.309    -.0060764    .0192012
         L2. |   .0133637   .0061529     2.17   0.030     .0013042    .0254232
-------------+----------------------------------------------------------------
y_fdi        |
      x_terr |
         L1. |  -.0460884   .0214164    -2.15   0.031    -.0880637    -.004113
         L2. |  -.0242309   .0198254    -1.22   0.222    -.0630881    .0146262
             |
       y_fdi |
         L1. |   .2340889   .0170918    13.70   0.000     .2005897    .2675881
         L2. |   .2163915   .0172318    12.56   0.000     .1826177    .2501653
------------------------------------------------------------------------------
Instruments : l(1/4).(x_terr y_fdi) 

--- Eigenvalue stability ---

   Eigenvalue stability condition

  +----------------------------------+
  |      Eigenvalue      |           |
  |   Real     Imaginary |  Modulus  |
  |----------------------+-----------|
  |  .5857732          0 |  .5857732 |
  |  .4964733          0 |  .4964733 |
  |  -.361709          0 |   .361709 |
  |  -.253005          0 |   .253005 |
  +----------------------------------+

   All the eigenvalues lie inside the unit circle.
   pVAR satisfies stability condition.
  Largest modulus: 0.5858
  Implied half-life of the most persistent root:   1.3 quarters

--- Overidentification ---
  Hansen J =  251.931  df = 8  p =      .
  Instruments per equation: 8   Countries: .

--- Granger causality (Wald tests on the lag blocks) ---

  panel VAR-Granger causality Wald test
    Ho: Excluded variable does not Granger-cause Equation variable
    Ha: Excluded variable Granger-causes Equation variable

  +------------------------------------------------------+
  |  Equation \ Excluded |    chi2     df   Prob > chi2  |
  |----------------------+-------------------------------|
  |x_terr                |                               |
  |                y_fdi |      5.291    2        0.071  |
  |                  ALL |      5.291    2        0.071  |
  |----------------------+-------------------------------|
  |y_fdi                 |                               |
  |               x_terr |      4.946    2        0.084  |
  |                  ALL |      4.946    2        0.084  |
  +------------------------------------------------------+

--- Reduced-form residual correlation ---
  corr(e_terror, e_fdi) =  0.024
  Small: the Cholesky ordering should barely matter.
  Verify this in part 3 by reversing porder().

. postclose gate

. 
. preserve

.     use "$TABLES/gatekeepers_${TAG}.dta", clear

.     format jstat maxmod resid_corr %9.4f

.     format jp %6.3f

.     di as txt _n "{hline 78}"

------------------------------------------------------------------------------

.     di as txt "Gatekeeper summary"
Gatekeeper summary

.     di as txt "{hline 78}"
------------------------------------------------------------------------------

.     list, noobs

  +-------------------------------------------------------------------------------------+
  | tdopt   nobs   ncty      jstat   jdf   jp   maxmod   resid_~r                  note |
  |-------------------------------------------------------------------------------------|
  |  notd   9703      .   293.7262     8    .   0.7109     0.0144   lags=2 instlags=1/4 |
  |    td   9703      .   251.9311     8    .   0.5858     0.0239   lags=2 instlags=1/4 |
  +-------------------------------------------------------------------------------------+

.     export delimited using "$TABLES/gatekeepers_${TAG}.csv", replace
(file C:/Users/Benedikt/PycharmProjects/terror_and_fdi/output/tables/gatekeepers_attacks_total_fdi_in_pct_qgdp_core_min28.csv not found)
file C:/Users/Benedikt/PycharmProjects/terror_and_fdi/output/tables/gatekeepers_attacks_total_fdi_in_pct_qgdp_core_min28.csv saved

. restore

. 
. 
. *==============================================================================*
. * 6. HOW MUCH DOES GMM ACTUALLY BUY? GMM VERSUS WITHIN
. *==============================================================================*
. * The textbook case for GMM is the Nickell bias, which is of order
. * (1+rho)/(T-1). At the average T of this panel that is on the order of one to
. * two percentage points, so the two estimators should agree closely. If they
. * do, the identification is not doing heavy lifting and the results are robust
. * to the estimator. If they diverge, the first thing to check is the
. * instrument count.
. 
. di as txt _n "{hline 78}"

------------------------------------------------------------------------------

. di as txt "GMM versus within: coefficient on the first lag of the other variable"
GMM versus within: coefficient on the first lag of the other variable

. di as txt "{hline 78}"
------------------------------------------------------------------------------

. 
. * GMM values from the stored td specification.
. cap estimates restore pvar_td

. if !_rc {
.     di as txt _n "PVAR (GMM, Helmert, td), lags($P):"

PVAR (GMM, Helmert, td), lags(2):
.     matrix b_gmm = e(b)
.     matrix list b_gmm, format(%9.4f) title("GMM coefficients")

b_gmm[1,8]:  GMM coefficients
     x_terr:  x_terr:  x_terr:  x_terr:   y_fdi:   y_fdi:   y_fdi:   y_fdi:
          L.      L2.       L.      L2.       L.      L2.       L.      L2.
     x_terr   x_terr    y_fdi    y_fdi   x_terr   x_terr    y_fdi    y_fdi
y1   0.2334   0.1215   0.0066   0.0134  -0.0461  -0.0242   0.2341   0.2164
. }

. 
. * Within counterparts, one equation at a time, with country and time effects.
. di as txt _n "Within (xtreg, fe) counterparts with time dummies:"

Within (xtreg, fe) counterparts with time dummies:

. foreach dv in x_terr y_fdi {
  2.     local other = cond("`dv'" == "x_terr", "y_fdi", "x_terr")
  3.     di as txt _n "  Equation: `dv'"
  4.     cap noisily xtreg `dv' L(1/$P).`dv' L(1/$P).`other' i.t if insample, fe
  5.     if !_rc {
  6.         di as txt "    L1.`other' = " %9.4f _b[L1.`other'] ///
>             "  (se " %7.4f _se[L1.`other'] ")"
  7.     }
  8. }

  Equation: x_terr

Fixed-effects (within) regression               Number of obs     =     10,068
Group variable: id                              Number of groups  =        119

R-squared:                                      Obs per group:
     Within  = 0.4446                                         min =         26
     Between = 0.9992                                         avg =       84.6
     Overall = 0.8249                                         max =        106

                                                F(109, 9840)      =      72.27
corr(u_i, Xb) = 0.8541                          Prob > F          =     0.0000

------------------------------------------------------------------------------
      x_terr | Coefficient  Std. err.      t    P>|t|     [95% conf. interval]
-------------+----------------------------------------------------------------
      x_terr |
         L1. |   .4060117   .0096139    42.23   0.000     .3871664     .424857
         L2. |   .2906712   .0095806    30.34   0.000     .2718913     .309451
             |
       y_fdi |
         L1. |   .0025249   .0063597     0.40   0.691    -.0099414    .0149912
         L2. |   .0060255   .0063744     0.95   0.345    -.0064697    .0185206
             |
           t |
        139  |  -.1550179   .1156157    -1.34   0.180    -.3816483    .0716125
        140  |  -.2809602   .1166494    -2.41   0.016    -.5096169   -.0523035
        141  |   .0286692   .1166759     0.25   0.806    -.2000396    .2573779
        142  |  -.0616724   .1156517    -0.53   0.594    -.2883733    .1650286
        143  |  -.0679496    .115649    -0.59   0.557    -.2946453    .1587461
        144  |  -.0039309   .1156657    -0.03   0.973    -.2306594    .2227977
        145  |  -.0040098   .1156907    -0.03   0.972    -.2307874    .2227678
        146  |  -.0058184   .1129629    -0.05   0.959    -.2272488    .2156121
        147  |   .0634034   .1129678     0.56   0.575    -.1580367    .2848436
        148  |  -.0883002   .1129788    -0.78   0.434    -.3097618    .1331614
        149  |  -.0500789   .1130055    -0.44   0.658     -.271593    .1714351
        150  |   -.222162   .1125902    -1.97   0.049    -.4428619   -.0014621
        151  |  -.1283688   .1126468    -1.14   0.254    -.3491796     .092442
        152  |  -.6893885   .1130585    -6.10   0.000    -.9110063   -.4677707
        153  |  -.6347711   .1132781    -5.60   0.000    -.8568193   -.4127228
        154  |   -.111219   .1129043    -0.99   0.325    -.3325346    .1100966
        155  |   -.266312   .1128884    -2.36   0.018    -.4875965   -.0450275
        156  |  -.2366353   .1128662    -2.10   0.036    -.4578762   -.0153943
        157  |  -.0678888   .1128647    -0.60   0.548    -.2891267    .1533492
        158  |  -.2402071   .1101921    -2.18   0.029    -.4562063   -.0242079
        159  |  -.0579508   .1102121    -0.53   0.599    -.2739891    .1580876
        160  |  -.1533118   .1105061    -1.39   0.165    -.3699264    .0633028
        161  |  -.2919416   .1105162    -2.64   0.008    -.5085761   -.0753071
        162  |  -.0352937   .1092147    -0.32   0.747     -.249377    .1787896
        163  |  -.0528777   .1088803    -0.49   0.627    -.2663054      .16055
        164  |  -.2492945   .1085555    -2.30   0.022    -.4620855   -.0365035
        165  |  -.3349248   .1085907    -3.08   0.002    -.5477848   -.1220648
        166  |   .1092414   .1077603     1.01   0.311     -.101991    .3204737
        167  |  -.3373889   .1076778    -3.13   0.002    -.5484595   -.1263183
        168  |  -.4198354   .1077202    -3.90   0.000    -.6309891   -.2086818
        169  |  -.1822029   .1077568    -1.69   0.091    -.3934283    .0290225
        170  |  -.2880466    .107208    -2.69   0.007    -.4981962   -.0778969
        171  |  -.3387306   .1072272    -3.16   0.002    -.5489179   -.1285433
        172  |  -.0163998   .1072719    -0.15   0.878    -.2266747     .193875
        173  |  -.3575148   .1072447    -3.33   0.001    -.5677364   -.1472933
        174  |  -.4503064   .1064536    -4.23   0.000    -.6589772   -.2416355
        175  |  -.2755724   .1065332    -2.59   0.010    -.4843993   -.0667454
        176  |  -.3271318   .1065343    -3.07   0.002    -.5359608   -.1183027
        177  |  -.1714698   .1065888    -1.61   0.108    -.3804056    .0374661
        178  |  -.2901052   .1063226    -2.73   0.006    -.4985193   -.0816911
        179  |  -.3879784   .1063138    -3.65   0.000    -.5963753   -.1795816
        180  |  -.0829201   .1063628    -0.78   0.436    -.2914131    .1255729
        181  |  -.0920561   .1060945    -0.87   0.386    -.3000232    .1159109
        182  |  -.2792737   .1044663    -2.67   0.008    -.4840491   -.0744983
        183  |  -.3455537    .104507    -3.31   0.001    -.5504089   -.1406984
        184  |   -.147425   .1045686    -1.41   0.159    -.3524009    .0575509
        185  |  -.1806536   .1045795    -1.73   0.084    -.3856508    .0243436
        186  |  -.2504334   .1041712    -2.40   0.016    -.4546303   -.0462365
        187  |  -.4337877   .1041634    -4.16   0.000    -.6379693    -.229606
        188  |  -.2733385   .1041033    -2.63   0.009    -.4774023   -.0692746
        189  |  -.0973963   .1041781    -0.93   0.350    -.3016068    .1068142
        190  |   -.348851   .1035969    -3.37   0.001    -.5519222   -.1457798
        191  |  -.1663556   .1036269    -1.61   0.108    -.3694856    .0367744
        192  |   -.151823   .1035868    -1.47   0.143    -.3548744    .0512285
        193  |   .1030299   .1035284     1.00   0.320    -.0999071    .3059668
        194  |   -.119136   .1034097    -1.15   0.249    -.3218403    .0835683
        195  |   -.274248   .1031623    -2.66   0.008    -.4764672   -.0720288
        196  |  -.1498604    .103164    -1.45   0.146     -.352083    .0523623
        197  |  -.2367823   .1030877    -2.30   0.022    -.4388553   -.0347093
        198  |  -.2337096   .1024788    -2.28   0.023    -.4345891   -.0328301
        199  |  -.3152668   .1024737    -3.08   0.002    -.5161363   -.1143973
        200  |  -.2324458   .1025283    -2.27   0.023    -.4334222   -.0314694
        201  |  -.2454941   .1025386    -2.39   0.017    -.4464908   -.0444974
        202  |     -.2013   .1023943    -1.97   0.049    -.4020138   -.0005862
        203  |  -.1984036   .1023533    -1.94   0.053     -.399037    .0022298
        204  |  -.2032885   .1023818    -1.99   0.047    -.4039779   -.0025991
        205  |   -.271157   .1024207    -2.65   0.008    -.4719226   -.0703915
        206  |  -.3231185   .1017967    -3.17   0.002    -.5226609   -.1235762
        207  |  -.1133548   .1018301    -1.11   0.266    -.3129626    .0862531
        208  |   -.128001   .1017979    -1.26   0.209    -.3275458    .0715437
        209  |   .0611244   .1017665     0.60   0.548    -.1383587    .2606075
        210  |  -.2098805   .1009344    -2.08   0.038    -.4077327   -.0120283
        211  |  -.2198384    .100933    -2.18   0.029    -.4176879    -.021989
        212  |   .0049075   .1009504     0.05   0.961     -.192976    .2027909
        213  |  -.0670786   .1009107    -0.66   0.506    -.2648843    .1307271
        214  |  -.1912863   .1007374    -1.90   0.058    -.3887522    .0061797
        215  |  -.0949663   .1007407    -0.94   0.346    -.2924387    .1025061
        216  |   .0403767   .1007665     0.40   0.689    -.1571463    .2378996
        217  |  -.0647493   .1007179    -0.64   0.520     -.262177    .1326784
        218  |  -.0663895   .1002882    -0.66   0.508     -.262975     .130196
        219  |  -.0897602   .1002549    -0.90   0.371    -.2862803    .1067599
        220  |  -.0593395   .1002725    -0.59   0.554     -.255894    .1372151
        221  |  -.1254586   .1002608    -1.25   0.211    -.3219903    .0710731
        222  |   .0133051   .1002875     0.13   0.894    -.1832788    .2098891
        223  |   .0891485   .1002587     0.89   0.374    -.1073791    .2856761
        224  |  -.1211139   .1002537    -1.21   0.227    -.3176318     .075404
        225  |  -.0445353   .1002732    -0.44   0.657    -.2410914    .1520208
        226  |  -.0629754    .100273    -0.63   0.530    -.2595311    .1335803
        227  |  -.0784925   .1002734    -0.78   0.434    -.2750489    .1180639
        228  |  -.0920732   .1004233    -0.92   0.359    -.2889236    .1047771
        229  |  -.0326902   .1004058    -0.33   0.745    -.2295062    .1641258
        230  |  -.0728814   .1004215    -0.73   0.468    -.2697282    .1239655
        231  |  -.2152665   .1004102    -2.14   0.032    -.4120911   -.0184418
        232  |  -.0974376   .1004601    -0.97   0.332      -.29436    .0994848
        233  |  -.0575697   .1004191    -0.57   0.566    -.2544118    .1392724
        234  |  -.1312989   .1004161    -1.31   0.191     -.328135    .0655372
        235  |  -.1557966   .1003983    -1.55   0.121    -.3525979    .0410047
        236  |  -.1655859   .1004024    -1.65   0.099    -.3623952    .0312235
        237  |  -.1362434   .1004129    -1.36   0.175    -.3330733    .0605864
        238  |  -.1182518   .1004312    -1.18   0.239    -.3151177     .078614
        239  |  -.1332662   .1004093    -1.33   0.184     -.330089    .0635565
        240  |    -.06214   .1004174    -0.62   0.536    -.2589788    .1346987
        241  |  -.1137672   .1004011    -1.13   0.257     -.310574    .0830396
        242  |  -.1412894   .1004312    -1.41   0.160    -.3381551    .0555763
        243  |  -.1732585   .1005606    -1.72   0.085     -.370378     .023861
             |
       _cons |   .4414666   .0832506     5.30   0.000     .2782783    .6046549
-------------+----------------------------------------------------------------
     sigma_u |  .44591002
     sigma_e |  .62786121
         rho |   .3352791   (fraction of variance due to u_i)
------------------------------------------------------------------------------
F test that all u_i=0: F(118, 9840) = 8.01                   Prob > F = 0.0000
    L1.y_fdi =    0.0025  (se  0.0064)

  Equation: y_fdi

Fixed-effects (within) regression               Number of obs     =     10,068
Group variable: id                              Number of groups  =        119

R-squared:                                      Obs per group:
     Within  = 0.1614                                         min =         26
     Between = 0.9848                                         avg =       84.6
     Overall = 0.3242                                         max =        106

                                                F(109, 9840)      =      17.37
corr(u_i, Xb) = 0.5259                          Prob > F          =     0.0000

------------------------------------------------------------------------------
       y_fdi | Coefficient  Std. err.      t    P>|t|     [95% conf. interval]
-------------+----------------------------------------------------------------
       y_fdi |
         L1. |   .2148291   .0099576    21.57   0.000     .1953102    .2343481
         L2. |    .191309   .0099807    19.17   0.000     .1717448    .2108732
             |
      x_terr |
         L1. |  -.0004011    .015053    -0.03   0.979    -.0299081    .0291058
         L2. |   .0127825   .0150007     0.85   0.394     -.016622    .0421869
             |
           t |
        139  |   .1372105   .1810246     0.76   0.448    -.2176347    .4920558
        140  |   .1796661   .1826431     0.98   0.325    -.1783519    .5376841
        141  |   .0371936   .1826847     0.20   0.839    -.3209059     .395293
        142  |   .1951363   .1810809     1.08   0.281    -.1598195     .550092
        143  |   .4203586   .1810767     2.32   0.020     .0654111    .7753062
        144  |  -.0780683   .1811029    -0.43   0.666    -.4330672    .2769306
        145  |    .052088   .1811421     0.29   0.774    -.3029877    .4071637
        146  |   .2096972    .176871     1.19   0.236    -.1370063    .5564007
        147  |       .289   .1768787     1.63   0.102    -.0577187    .6357186
        148  |   .1982316   .1768959     1.12   0.262    -.1485207    .5449839
        149  |   .3256081   .1769378     1.84   0.066    -.0212263    .6724425
        150  |   .3926794   .1762875     2.23   0.026     .0471198    .7382391
        151  |   .3900791   .1763761     2.21   0.027     .0443458    .7358124
        152  |   .2051062   .1770207     1.16   0.247    -.1418907     .552103
        153  |   .4341577   .1773645     2.45   0.014     .0864869    .7818285
        154  |   .3878912   .1767793     2.19   0.028     .0413675    .7344149
        155  |   .5312069   .1767544     3.01   0.003      .184732    .8776818
        156  |   .1461427   .1767196     0.83   0.408     -.200264    .4925494
        157  |   .3919958   .1767173     2.22   0.027     .0455937    .7383979
        158  |   .2135962   .1725327     1.24   0.216    -.1246034    .5517957
        159  |   .4267457    .172564     2.47   0.013     .0884849    .7650066
        160  |   .3466328   .1730243     2.00   0.045     .0074697    .6857958
        161  |   .3203765   .1730402     1.85   0.064    -.0188176    .6595707
        162  |   .3028983   .1710024     1.77   0.077    -.0323014     .638098
        163  |   .3229828   .1704787     1.89   0.058    -.0111904     .657156
        164  |   .3891262   .1699701     2.29   0.022     .0559498    .7223025
        165  |    .127475   .1700253     0.75   0.453    -.2058094    .4607593
        166  |   .0634089   .1687252     0.38   0.707    -.2673271    .3941448
        167  |   .2169105    .168596     1.29   0.198    -.1135722    .5473931
        168  |   .2155342   .1686623     1.28   0.201    -.1150784    .5461468
        169  |   .2007935   .1687195     1.19   0.234    -.1299314    .5315184
        170  |   .1525498   .1678603     0.91   0.363    -.1764908    .4815903
        171  |   .4047677   .1678904     2.41   0.016     .0756682    .7338673
        172  |   .1390423   .1679603     0.83   0.408    -.1901944    .4682789
        173  |   .2287344   .1679177     1.36   0.173    -.1004188    .5578876
        174  |   .0773871   .1666791     0.46   0.642    -.2493381    .4041124
        175  |    .393925   .1668038     2.36   0.018     .0669554    .7208946
        176  |   .4082731   .1668055     2.45   0.014     .0813002    .7352461
        177  |   .3693941   .1668908     2.21   0.027      .042254    .6965343
        178  |   .2574761    .166474     1.55   0.122    -.0688471    .5837993
        179  |   .4430819   .1664602     2.66   0.008     .1167857    .7693781
        180  |    .378757    .166537     2.27   0.023     .0523103    .7052038
        181  |   .3558974   .1661169     2.14   0.032     .0302742    .6815207
        182  |   .4590671   .1635675     2.81   0.005     .1384412    .7796931
        183  |   .4886729   .1636313     2.99   0.003     .1679219    .8094238
        184  |   .6042693   .1637277     3.69   0.000     .2833293    .9252092
        185  |   .4652157   .1637447     2.84   0.005     .1442425    .7861889
        186  |   .5395195   .1631055     3.31   0.001     .2197993    .8592396
        187  |    .685115   .1630933     4.20   0.000     .3654188    1.004811
        188  |   .7580049   .1629992     4.65   0.000      .438493    1.077517
        189  |   .7414151   .1631164     4.55   0.000     .4216736    1.061157
        190  |   .6488838   .1622063     4.00   0.000     .3309263    .9668414
        191  |   .6904764   .1622532     4.26   0.000     .3724268    1.008526
        192  |   .5751147   .1621905     3.55   0.000     .2571881    .8930414
        193  |   .4897754   .1620991     3.02   0.003      .172028    .8075228
        194  |   .5136498   .1619132     3.17   0.002     .1962667     .831033
        195  |   .4289799   .1615257     2.66   0.008     .1123564    .7456035
        196  |   .0006633   .1615285     0.00   0.997    -.3159657    .3172922
        197  |  -.0023666    .161409    -0.01   0.988    -.3187612    .3140281
        198  |   .2370473   .1604556     1.48   0.140    -.0774786    .5515733
        199  |   .2089949   .1604477     1.30   0.193    -.1055155    .5235052
        200  |   .3631532    .160533     2.26   0.024     .0484755    .6778309
        201  |   .0871122   .1605493     0.54   0.587    -.2275973    .4018216
        202  |   .2406215   .1603233     1.50   0.133    -.0736451     .554888
        203  |   .4776627   .1602591     2.98   0.003     .1635221    .7918033
        204  |     .45215   .1603038     2.82   0.005     .1379217    .7663783
        205  |   .4043638   .1603646     2.52   0.012     .0900163    .7187114
        206  |   .3249478   .1593876     2.04   0.042     .0125155    .6373801
        207  |   .4659446   .1594399     2.92   0.003     .1534097    .7784795
        208  |     .27162   .1593895     1.70   0.088    -.0408161    .5840561
        209  |    .205159   .1593403     1.29   0.198    -.1071805    .5174986
        210  |   .3476267   .1580375     2.20   0.028     .0378407    .6574126
        211  |   .3172997   .1580353     2.01   0.045     .0075181    .6270814
        212  |   .2421809   .1580625     1.53   0.126     -.067654    .5520159
        213  |   .0130475   .1580004     0.08   0.934    -.2966656    .3227607
        214  |   .4445705    .157729     2.82   0.005     .1353892    .7537517
        215  |   .2546311   .1577342     1.61   0.106    -.0545602    .5638224
        216  |   .2432148   .1577745     1.54   0.123    -.0660557    .5524852
        217  |   .0398938   .1576984     0.25   0.800    -.2692274    .3490151
        218  |   .2331537   .1570257     1.48   0.138    -.0746489    .5409563
        219  |   .1378429   .1569735     0.88   0.380    -.1698574    .4455431
        220  |   .2957831    .157001     1.88   0.060    -.0119711    .6035374
        221  |   .1843176   .1569828     1.17   0.240    -.1234009     .492036
        222  |   .1711118   .1570245     1.09   0.276    -.1366885     .478912
        223  |   .1035815   .1569795     0.66   0.509    -.2041305    .4112935
        224  |   .3162458   .1569717     2.01   0.044      .008549    .6239425
        225  |   .1979997   .1570023     1.26   0.207     -.109757    .5057563
        226  |   .3122925   .1570019     1.99   0.047     .0045365    .6200484
        227  |   .0987121   .1570025     0.63   0.530     -.209045    .4064692
        228  |   .3338138   .1572373     2.12   0.034     .0255965    .6420311
        229  |   .1132041   .1572098     0.72   0.471    -.1949594    .4213677
        230  |   .3748629   .1572345     2.38   0.017     .0666511    .6830746
        231  |   .2163231   .1572168     1.38   0.169     -.091854    .5245002
        232  |   .2197329   .1572949     1.40   0.162    -.0885973    .5280631
        233  |   .0523993   .1572307     0.33   0.739    -.2558051    .3606038
        234  |   .0719246   .1572259     0.46   0.647    -.2362704    .3801196
        235  |   .0891164   .1571981     0.57   0.571    -.2190241     .397257
        236  |   .2920385   .1572045     1.86   0.063    -.0161146    .6001916
        237  |   .0934202   .1572209     0.59   0.552    -.2147651    .4016054
        238  |   .1378869   .1572497     0.88   0.381    -.1703546    .4461285
        239  |   .0466152   .1572152     0.30   0.767     -.261559    .3547893
        240  |  -.0547034   .1572281    -0.35   0.728    -.3629027    .2534958
        241  |  -.3040262   .1572025    -1.93   0.053    -.6121753     .004123
        242  |  -.0219849   .1572496    -0.14   0.889    -.3302263    .2862565
        243  |  -.1009394   .1574523    -0.64   0.521    -.4095781    .2076994
             |
       _cons |   .6418078   .1303492     4.92   0.000     .3862966    .8973189
-------------+----------------------------------------------------------------
     sigma_u |  .44467587
     sigma_e |  .98307019
         rho |  .16985295   (fraction of variance due to u_i)
------------------------------------------------------------------------------
F test that all u_i=0: F(118, 9840) = 7.67                   Prob > F = 0.0000
    L1.x_terr =   -0.0004  (se  0.0151)

. 
. di as txt _n "Compare the L1 cross-coefficients above with the GMM matrix."

Compare the L1 cross-coefficients above with the GMM matrix.

. di as txt "Close agreement means the estimator choice is not driving results."
Close agreement means the estimator choice is not driving results.

. 
. 
. *==============================================================================*
. * 7. OPTIONAL: WHAT GMMSTYLE DOES TO HANSEN'S J
. *==============================================================================*
. if $SHOWGMMSTYLE == 1 {
.     di as txt _n "{hline 78}"
.     di as txt "Demonstration: gmmstyle instruments at T of roughly 85"
.     di as txt "{hline 78}"
.     di as txt "gmmstyle builds an instrument matrix whose column count grows"
.     di as txt "with T. Watch the Hansen J degrees of freedom and p-value."
. 
.     cap noisily pvar `SYS' if insample, lags($P) instlags(1/$K) gmmstyle td
.     if !_rc {
.         local jp2 = .
.         foreach nm in J_pvalue jp J_p {
  2.             if missing(`jp2') local jp2 = e(`nm')
  3.         }
.         local jdf2 = .
.         foreach nm in J_df j_df Jdf {
  2.             if missing(`jdf2') local jdf2 = e(`nm')
  3.         }
.         di as txt _n "  gmmstyle: J df = " `jdf2' ", p = " %6.4f `jp2'
.         di as txt "  Compare with the baseline above. A p-value that jumps"
.         di as txt "  towards 1.00 is the proliferation problem, not a better"
.         di as txt "  specification."
.     }
. }

. 
. 
. *==============================================================================*
. * 8. WHAT TO CHECK BEFORE MOVING TO PART 3
. *==============================================================================*
. di as txt _n "{hline 78}"

------------------------------------------------------------------------------

. di as txt "Checklist"
Checklist

. di as txt "{hline 78}"
------------------------------------------------------------------------------

. di as txt "1. Does the chosen lag order pass both gatekeepers under td AND"
1. Does the chosen lag order pass both gatekeepers under td AND

. di as txt "   without td? If only one passes, that asymmetry is a result and"
   without td? If only one passes, that asymmetry is a result and

. di as txt "   needs discussing, not hiding."
   needs discussing, not hiding.

. di as txt "2. Is the largest modulus comfortably below one? Read the implied"
2. Is the largest modulus comfortably below one? Read the implied

. di as txt "   half-life and ask whether it is economically plausible."
   half-life and ask whether it is economically plausible.

. di as txt "3. Is the J p-value in a healthy range with an instrument count"
3. Is the J p-value in a healthy range with an instrument count

. di as txt "   well below the number of countries?"
   well below the number of countries?

. di as txt "4. Is the residual correlation small? If so, the Cholesky ordering"
4. Is the residual correlation small? If so, the Cholesky ordering

. di as txt "   is nearly innocuous and part 3 can say so with evidence."
   is nearly innocuous and part 3 can say so with evidence.

. di as txt "5. Do GMM and within agree? If yes, say so explicitly; it is a"
5. Do GMM and within agree? If yes, say so explicitly; it is a

. di as txt "   strong robustness statement at this panel length."
   strong robustness statement at this panel length.

. 
. log close
      name:  <unnamed>
       log:  C:/Users/Benedikt/PycharmProjects/terror_and_fdi/output/logs/pvar_q_02_attacks_total_fdi_in_pct_qgdp_core_min28.log
  log type:  text
 closed on:  19 Aug 2026, 12:28:22
--------------------------------------------------------------------------------------------------------------------------------------------------------------------------------------------------------
